10:33:16 **** Build of configuration Debug for project Practica_3 ****
make -j8 all 
arm-none-eabi-gcc "../Src/main.c" -mcpu=cortex-m4 -std=gnu11 -g3 -DDEBUG -DSTM32 -DSTM32F429ZITx -DSTM32F4 -DNUCLEO_F429ZI -DUSE_HAL_DRIVER -DSTM32F429xx -c -I../Inc -I"C:/Users/andre/OneDrive/Documentos/CESE/CESE_PdM_workspace/Practica_3/Drivers/STM32F4xx_HAL_Driver/Inc" -I"C:/Users/andre/OneDrive/Documentos/CESE/CESE_PdM_workspace/Practica_3/Drivers/CMSIS/Include" -I"C:/Users/andre/OneDrive/Documentos/CESE/CESE_PdM_workspace/Practica_3/Drivers/CMSIS/Device/ST/STM32F4xx/Include" -I"C:/Users/andre/OneDrive/Documentos/CESE/CESE_PdM_workspace/Practica_3/Drivers/BSP/STM32F4xx_Nucleo_144" -I"C:/Users/andre/OneDrive/Documentos/CESE/CESE_PdM_workspace/Practica_3/Drivers/Core/Inc" -I"C:/Users/andre/OneDrive/Documentos/CESE/CESE_PdM_workspace/Practica_3/Drivers/API" -I"C:/Users/andre/OneDrive/Documentos/CESE/CESE_PdM_workspace/Practica_3/Drivers/API/Inc" -I"C:/Users/andre/OneDrive/Documentos/CESE/CESE_PdM_workspace/Practica_3/Drivers/API/Scr" -O0 -ffunction-sections -fdata-sections -Wall -fstack-usage -MMD -MP -MF"Src/main.d" -MT"Src/main.o" --specs=nano.specs -mfpu=fpv4-sp-d16 -mfloat-abi=hard -mthumb -o "Src/main.o"
arm-none-eabi-gcc "../Drivers/API/Scr/API_delay.c" -mcpu=cortex-m4 -std=gnu11 -g3 -DDEBUG -DSTM32 -DSTM32F429ZITx -DSTM32F4 -DNUCLEO_F429ZI -DUSE_HAL_DRIVER -DSTM32F429xx -c -I../Inc -I"C:/Users/andre/OneDrive/Documentos/CESE/CESE_PdM_workspace/Practica_3/Drivers/STM32F4xx_HAL_Driver/Inc" -I"C:/Users/andre/OneDrive/Documentos/CESE/CESE_PdM_workspace/Practica_3/Drivers/CMSIS/Include" -I"C:/Users/andre/OneDrive/Documentos/CESE/CESE_PdM_workspace/Practica_3/Drivers/CMSIS/Device/ST/STM32F4xx/Include" -I"C:/Users/andre/OneDrive/Documentos/CESE/CESE_PdM_workspace/Practica_3/Drivers/BSP/STM32F4xx_Nucleo_144" -I"C:/Users/andre/OneDrive/Documentos/CESE/CESE_PdM_workspace/Practica_3/Drivers/Core/Inc" -I"C:/Users/andre/OneDrive/Documentos/CESE/CESE_PdM_workspace/Practica_3/Drivers/API" -I"C:/Users/andre/OneDrive/Documentos/CESE/CESE_PdM_workspace/Practica_3/Drivers/API/Inc" -I"C:/Users/andre/OneDrive/Documentos/CESE/CESE_PdM_workspace/Practica_3/Drivers/API/Scr" -O0 -ffunction-sections -fdata-sections -Wall -fstack-usage -MMD -MP -MF"Drivers/API/Scr/API_delay.d" -MT"Drivers/API/Scr/API_delay.o" --specs=nano.specs -mfpu=fpv4-sp-d16 -mfloat-abi=hard -mthumb -o "Drivers/API/Scr/API_delay.o"
arm-none-eabi-gcc -o "Practica_3.elf" @"objects.list"   -mcpu=cortex-m4 -T"C:\Users\andre\OneDrive\Documentos\CESE\CESE_PdM_workspace\Practica_3\STM32F429ZITX_FLASH.ld" --specs=nosys.specs -Wl,-Map="Practica_3.map" -Wl,--gc-sections -static --specs=nano.specs -mfpu=fpv4-sp-d16 -mfloat-abi=hard -mthumb -Wl,--start-group -lc -lm -Wl,--end-group
Finished building target: Practica_3.elf
 
arm-none-eabi-size   Practica_3.elf 
arm-none-eabi-objdump -h -S  Practica_3.elf  > "Practica_3.list"
arm-none-eabi-objcopy  -O binary  Practica_3.elf  "Practica_3.bin"
   text	   data	    bss	    dec	    hex	filename
   6396	     32	   1568	   7996	   1f3c	Practica_3.elf
Finished building: default.size.stdout
 
Finished building: Practica_3.bin
Finished building: Practica_3.list
 
 
10:33:36 **** Incremental Build of configuration Debug for project Practica_3 ****
make -j8 all 
arm-none-eabi-size   Practica_3.elf 
   text	   data	    bss	    dec	    hex	filename
   6396	     32	   1568	   7996	   1f3c	Practica_3.elf
Finished building: default.size.stdout
 
10:34:05 **** Incremental Build of configuration Debug for project Practica_3 ****
make -j8 all 
arm-none-eabi-size   Practica_3.elf 
   text	   data	    bss	    dec	    hex	filename
   6396	     32	   1568	   7996	   1f3c	Practica_3.elf
Finished building: default.size.stdout
 
